id,name,favorite_color,favorite_number
1,"drew",,pi
2,"bob",,e
3,"alice",,4
1,,"green",7
2,,"pink",13
