group_field_1,group_field_2,value_field_sum
a,b,3
c,d,3
c,e,4