id,favorite_color,favorite_number
1,,pi
2,,e
3,,4
1,"green",7
2,"pink",13
