id,name,favorite_color,favorite_number
1,drew,grey,pi
2,bob,grey,e
3,alice,grey,4
1,gandalf,green,7
2,gandalf,pink,13
