id,name,favorite_number,favorite_color,high_score
1,drew,pi,4,99
2,bob,e,4,99
3,alice,4,4,99
1,gandalf,7,green,42
2,gandalf,13,pink,50
