Customer_Id,Created_At,Prop,Val
123,"2017-01-01","SEGMENT","tier 1"
123,"2017-01-01","sTaTuS","active"
234,"2017-02-01","SEGMENT","tier 3"
234,"2017-02-01","sTaTuS","active"
567,"2017-03-01","sTaTuS","churned"
567,"2017-03-01","SEGMENT","tier 2"
