prefix_field_1_suffix,prefix_field_2_suffix,prefix_field_3_suffix
a,b,c
d,e,f
g,h,i
