key_name,static_col,num_rows
abc,dbt,2
jkl,dbt,3
xyz,test,1